﻿
> fbni-client@1.0.0 build
> vite build

[36mvite v5.4.21 [32mbuilding for production...[36m[39m
transforming...
[32mΓ£ô[39m 476 modules transformed.
node.exe : [31mx[39m Build failed in 2.15s
At line:1 char:1
+ & "C:\Program Files\nodejs/node.exe" "C:\Program Files\nodejs/node_mo 
...
+ ~~~~~~~~~~~~~~~~~~~~~~~~~~~~~~~~~~~~~~~~~~~~~~~~~~~~~~~~~~~~~~~~~~~~~
    + CategoryInfo          : NotSpecified: ([31mx[39m Build failed i 
   n 2.15s:String) [], RemoteException
    + FullyQualifiedErrorId : NativeCommandError
 
[31merror during build:
[31msrc/components/home/TradeFairsSection.jsx (2:30): "FaGlobeEurope" 
is not exported by "node_modules/react-icons/fa6/index.mjs", imported 
by "src/components/home/TradeFairsSection.jsx".[31m
file: [36mC:/Users/user/Downloads/florence/florence/client/src/componen
ts/home/TradeFairsSection.jsx:2:30[31m
[33m
1: import { motion } from 'framer-motion';
2: import { FaStar, FaHandshake, FaGlobeEurope, FaArrowRight } from 
'react-icons/fa6';
                                 ^
3: 
4: const highlights = [
[31m
    at getRollupError (file:///C:/Users/user/Downloads/florence/florence
/client/node_modules/rollup/dist/es/shared/parseAst.js:402:41)
    at error (file:///C:/Users/user/Downloads/florence/florence/client/n
ode_modules/rollup/dist/es/shared/parseAst.js:398:42)
    at Module.error (file:///C:/Users/user/Downloads/florence/florence/c
lient/node_modules/rollup/dist/es/shared/node-entry.js:17040:16)
    at Module.traceVariable (file:///C:/Users/user/Downloads/florence/fl
orence/client/node_modules/rollup/dist/es/shared/node-entry.js:17452:29)
    at ModuleScope.findVariable (file:///C:/Users/user/Downloads/florenc
e/florence/client/node_modules/rollup/dist/es/shared/node-entry.js:15070
:39)
    at Identifier.bind (file:///C:/Users/user/Downloads/florence/florenc
e/client/node_modules/rollup/dist/es/shared/node-entry.js:5447:40)
    at Property.bind (file:///C:/Users/user/Downloads/florence/florence/
client/node_modules/rollup/dist/es/shared/node-entry.js:2829:23)
    at ObjectExpression.bind (file:///C:/Users/user/Downloads/florence/f
lorence/client/node_modules/rollup/dist/es/shared/node-entry.js:2825:28)
    at ArrayExpression.bind (file:///C:/Users/user/Downloads/florence/fl
orence/client/node_modules/rollup/dist/es/shared/node-entry.js:2825:28)
    at VariableDeclarator.bind (file:///C:/Users/user/Downloads/florence
/florence/client/node_modules/rollup/dist/es/shared/node-entry.js:2829:2
3)[39m
